# Дисковая подсистема Linux

__Домашнее задание:__
Работа с mdadm.

Добавить в Vagrantfile еще дисков сломать/починить raid собрать R0/R5/R10 на выбор прописать собранный рейд в конф, чтобы рейд собирался при загрузке создать GPT раздел и 5 партиций.

в качестве проверки принимаются - измененный Vagrantfile, скрипт для создания рейда, конф для автосборки рейда при загрузке.

доп. задание - Vagrantfile, который сразу собирает систему с подключенным рейдом перенесети работающую систему с одним диском на RAID 1. Даунтайм на загрузку с нового диска предполагается. В качестве проверики принимается вывод команды lsblk до и после и описание хода решения (можно воспользовать утилитой Script).

__Критерии оценки:__

Статус "Принято" ставится при выполнении следующего условия: 
- сдан Vagrantfile и скрипт для сборки, который можно запустить на поднятом образе

Доп. задание выполняется по желанию
Рекомендуем сдать до: 06.05.2021

## Исполнение

Файл [Vagrantfile](https://github.com/erlong15/otus-linux/blob/master/Vagrantfile) c новыми [5 дисками](./002/v2/Vagrantfile).

```shell
cd ./002/v1/
vagrant up

    "rsync" could not be found on your PATH. Make sure that rsync
    is properly installed on your system and available on the PATH.

apt-get install rsync
    ...
    otuslinux: warning: /var/cache/yum/x86_64/7/base/packages/hdparm-9.43-5.el7.x86_64.rpm: Header V3 RSA/SHA256 Signature, key ID f4a80eb5: NOKEY
    otuslinux: Public key for mdadm-4.1-7.el7_9.x86_64.rpm is not installed
    otuslinux: Retrieving key from file:///etc/pki/rpm-gpg/RPM-GPG-KEY-CentOS-7
    otuslinux: Importing GPG key 0xF4A80EB5:
    otuslinux:  Userid     : "CentOS-7 Key (CentOS 7 Official Signing Key) <security@centos.org>"
    otuslinux:  Fingerprint: 6341 ab27 53d7 8a78 a7c2 7bb1 24c6 a8a7 f4a8 0eb5
    otuslinux:  Package    : centos-release-7-8.2003.0.el7.centos.x86_64 (@anaconda)
    otuslinux:  From       : /etc/pki/rpm-gpg/RPM-GPG-KEY-CentOS-7
    ... 
    otuslinux: Dependency Installed:
    otuslinux:   libreport-filesystem.x86_64 0:2.1.11-53.el7.centos mailx.x86_64 0:12.5-19.el7
    otuslinux: Complete!

```
Вопрос #1: с чем связан вывод `Header V3 RSA/SHA256 Signature, key ID f4a80eb5: NOKEY` и где его указать
```shell
vagrant ssh
```

### RAID5. Создать, сломать, починить

```shell
[vagrant@otuslinux ~]$ sudo fdisk -l
```

<details><summary>вывод:</summary>

```
Disk /dev/sda: 42.9 GB, 42949672960 bytes, 83886080 sectors
Units = sectors of 1 * 512 = 512 bytes
Sector size (logical/physical): 512 bytes / 512 bytes
I/O size (minimum/optimal): 512 bytes / 512 bytes
Disk label type: dos
Disk identifier: 0x0009ef1a

   Device Boot      Start         End      Blocks   Id  System
/dev/sda1   *        2048    83886079    41942016   83  Linux

Disk /dev/sdb: 262 MB, 262144000 bytes, 512000 sectors
Units = sectors of 1 * 512 = 512 bytes
Sector size (logical/physical): 512 bytes / 512 bytes
I/O size (minimum/optimal): 512 bytes / 512 bytes

Disk /dev/sdc: 262 MB, 262144000 bytes, 512000 sectors
Units = sectors of 1 * 512 = 512 bytes
Sector size (logical/physical): 512 bytes / 512 bytes
I/O size (minimum/optimal): 512 bytes / 512 bytes

Disk /dev/sdd: 262 MB, 262144000 bytes, 512000 sectors
Units = sectors of 1 * 512 = 512 bytes
Sector size (logical/physical): 512 bytes / 512 bytes
I/O size (minimum/optimal): 512 bytes / 512 bytes

Disk /dev/sde: 262 MB, 262144000 bytes, 512000 sectors
Units = sectors of 1 * 512 = 512 bytes
Sector size (logical/physical): 512 bytes / 512 bytes
I/O size (minimum/optimal): 512 bytes / 512 bytes

Disk /dev/sdf: 104 MB, 104857600 bytes, 204800 sectors
Units = sectors of 1 * 512 = 512 bytes
Sector size (logical/physical): 512 bytes / 512 bytes
I/O size (minimum/optimal): 512 bytes / 512 bytes

Disk /dev/sdg: 104 MB, 104857600 bytes, 204800 sectors
Units = sectors of 1 * 512 = 512 bytes
Sector size (logical/physical): 512 bytes / 512 bytes
I/O size (minimum/optimal): 512 bytes / 512 bytes

Disk /dev/sdh: 104 MB, 104857600 bytes, 204800 sectors
Units = sectors of 1 * 512 = 512 bytes
Sector size (logical/physical): 512 bytes / 512 bytes
I/O size (minimum/optimal): 512 bytes / 512 bytes

Disk /dev/sdi: 104 MB, 104857600 bytes, 204800 sectors
Units = sectors of 1 * 512 = 512 bytes
Sector size (logical/physical): 512 bytes / 512 bytes
I/O size (minimum/optimal): 512 bytes / 512 bytes

Disk /dev/sdj: 104 MB, 104857600 bytes, 204800 sectors
Units = sectors of 1 * 512 = 512 bytes
Sector size (logical/physical): 512 bytes / 512 bytes
I/O size (minimum/optimal): 512 bytes / 512 bytes
```

</details>

#### Создать

```shell
[vagrant@otuslinux ~]$ sudo mdadm --zero-superblock --force /dev/sd{f,g,h,i,j}
```

Если вывод таков
<details><summary>вывод:</summary>

```shell
mdadm: Unrecognised md component device - /dev/sdf
mdadm: Unrecognised md component device - /dev/sdg
mdadm: Unrecognised md component device - /dev/sdh
mdadm: Unrecognised md component device - /dev/sdi
mdadm: Unrecognised md component device - /dev/sdj
```
</details>
то это нормально, так как диски не использовались для RAID ранее.

Сборка избыточного массива RAID5:
```shell
[vagrant@otuslinux ~]$ sudo mdadm --create --verbose /dev/md0 -l 5 -n 5 /dev/sd{f,g,h,i,j}
```
где:
- /dev/md0 — устройство RAID, которое появится после сборки; 
- -l 1 — уровень RAID; 
- -n 2 — количество дисков, из которых собирается массив; 

<details><summary>вывод:</summary>

```
mdadm: layout defaults to left-symmetric
mdadm: layout defaults to left-symmetric
mdadm: chunk size defaults to 512K
mdadm: size set to 100352K
mdadm: Defaulting to version 1.2 metadata
mdadm: array /dev/md0 started.
```
</details>

```shell
[vagrant@otuslinux ~]$ cat /proc/mdstat
```

<details><summary>вывод:</summary>

```
Personalities : [raid6] [raid5] [raid4] 
md0 : active raid5 sdj[5] sdi[3] sdh[2] sdg[1] sdf[0]
      401408 blocks super 1.2 level 5, 512k chunk, algorithm 2 [5/5] [UUUUU]
unused devices: <none>
```
</details>
      
```shell
[vagrant@otuslinux ~]$ sudo mdadm -D /dev/md0
```

<details><summary>вывод:</summary>

```
/dev/md0:
           Version : 1.2
     Creation Time : Thu May  6 20:45:03 2021
        Raid Level : raid5
        Array Size : 401408 (392.00 MiB 411.04 MB)
     Used Dev Size : 100352 (98.00 MiB 102.76 MB)
      Raid Devices : 5
     Total Devices : 5
       Persistence : Superblock is persistent

       Update Time : Thu May  6 20:45:06 2021
             State : clean 
    Active Devices : 5
   Working Devices : 5
    Failed Devices : 0
     Spare Devices : 0

            Layout : left-symmetric
        Chunk Size : 512K

Consistency Policy : resync

              Name : otuslinux:0  (local to host otuslinux)
              UUID : da13636a:7a323b37:fbc17449:3825c743
            Events : 18

    Number   Major   Minor   RaidDevice State
       0       8       80        0      active sync   /dev/sdf
       1       8       96        1      active sync   /dev/sdg
       2       8      112        2      active sync   /dev/sdh
       3       8      128        3      active sync   /dev/sdi
       5       8      144        4      active sync   /dev/sdj
```

```shell
[vagrant@otuslinux ~]$ sudo mdadm --detail --scan --verbose
```

<details><summary>вывод:</summary>

```
ARRAY /dev/md0 level=raid5 num-devices=5 metadata=1.2 name=otuslinux:0 UUID=da13636a:7a323b37:fbc17449:3825c743
   devices=/dev/sdf,/dev/sdg,/dev/sdh,/dev/sdi,/dev/sdj
```
</details>

```shell
[vagrant@otuslinux ~]$ echo "DEVICE partitions" > /etc/mdadm/mdadm.conf
[vagrant@otuslinux ~]$ mdadm --detail --scan --verbose | awk '/ARRAY/ {print}' >> /etc/mdadm/mdadm.conf
```

#### Cломать

```shell
[vagrant@otuslinux ~]$ sudo mdadm /dev/md0 --fail /dev/sdf
```

<details><summary>вывод:</summary>

```
mdadm: set /dev/sdf faulty in /dev/md0
```
</details>

```shell
[vagrant@otuslinux ~]$ cat /proc/mdstat
```

<details><summary>вывод:</summary>

```shell
Personalities : [raid6] [raid5] [raid4] 
md0 : active raid5 sdj[5] sdi[3] sdh[2] sdg[1] sdf[0](F) <----- нулевой отвалился
      401408 blocks super 1.2 level 5, 512k chunk, algorithm 2 [5/4] [_UUUU] <----- нулевой отвалился
unused devices: <none>
```
</details>

```shell
[vagrant@otuslinux ~]$ sudo mdadm -D /dev/md0
```

<details><summary>вывод:</summary>

```shell

/dev/md0:
           Version : 1.2
     Creation Time : Thu May  6 20:45:03 2021
        Raid Level : raid5
        Array Size : 401408 (392.00 MiB 411.04 MB)
     Used Dev Size : 100352 (98.00 MiB 102.76 MB)
      Raid Devices : 5
     Total Devices : 5
       Persistence : Superblock is persistent

       Update Time : Thu May  6 20:59:29 2021
             State : clean, degraded 
    Active Devices : 4
   Working Devices : 4
    Failed Devices : 1
     Spare Devices : 0

            Layout : left-symmetric
        Chunk Size : 512K

Consistency Policy : resync

              Name : otuslinux:0  (local to host otuslinux)
              UUID : da13636a:7a323b37:fbc17449:3825c743
            Events : 20

    Number   Major   Minor   RaidDevice State
       -       0        0        0      removed
       1       8       96        1      active sync   /dev/sdg
       2       8      112        2      active sync   /dev/sdh
       3       8      128        3      active sync   /dev/sdi
       5       8      144        4      active sync   /dev/sdj

       0       8       80        -      faulty   /dev/sdf
```
</details>

#### Починить

```shell
[vagrant@otuslinux ~]$ sudo mdadm /dev/md0 --remove /dev/sdf
```

<details><summary>вывод:</summary>

```
mdadm: hot removed /dev/sdf from /dev/md0
```
</details>

```shell
[vagrant@otuslinux ~]$ sudo mdadm /dev/md0 --add /dev/sdf
```

<details><summary>вывод:</summary>

```
mdadm: added /dev/sdf
```
</details>

```shell
[vagrant@otuslinux ~]$ sudo mdadm --zero-superblock --force /dev/sdf
```

```shell
[vagrant@otuslinux ~]$ cat /proc/mdstat
```

<details><summary>вывод:</summary>

```
Personalities : [raid6] [raid5] [raid4] 
md0 : active raid5 sdf[6] sdj[5] sdi[3] sdh[2] sdg[1]
      401408 blocks super 1.2 level 5, 512k chunk, algorithm 2 [5/5] [UUUUU]

```
</details>

```shell
[vagrant@otuslinux ~]$ sudo mdadm -D /dev/md0
```
<details><summary>вывод:</summary>

```
/dev/md0:
           Version : 1.2
     Creation Time : Thu May  6 20:45:03 2021
        Raid Level : raid5
        Array Size : 401408 (392.00 MiB 411.04 MB)
     Used Dev Size : 100352 (98.00 MiB 102.76 MB)
      Raid Devices : 5
     Total Devices : 5
       Persistence : Superblock is persistent

       Update Time : Thu May  6 21:06:26 2021
             State : clean 
    Active Devices : 5
   Working Devices : 5
    Failed Devices : 0
     Spare Devices : 0

            Layout : left-symmetric
        Chunk Size : 512K

Consistency Policy : resync

              Name : otuslinux:0  (local to host otuslinux)
              UUID : da13636a:7a323b37:fbc17449:3825c743
            Events : 62

    Number   Major   Minor   RaidDevice State
       6       8       80        0      active sync   /dev/sdf
       1       8       96        1      active sync   /dev/sdg
       2       8      112        2      active sync   /dev/sdh
       3       8      128        3      active sync   /dev/sdi
       5       8      144        4      active sync   /dev/sdj

```
</details>

### Создать GPT раздел, пять партиций и смонтировать их на диск

Заметка: прочитать про GPT

[vagrant@otuslinux ~]$ sudo parted -s /dev/md0 mklabel gpt 
[vagrant@otuslinux ~]$ sudo parted /dev/md0 mkpart primary ext4 0% 20%

    Warning: The resulting partition is not properly aligned for best performance. 
    Ignore/Cancel?  Ignore                    
    Information: You may need to update /etc/fstab.

[vagrant@otuslinux ~]$ sudo parted /dev/md0 mkpart primary ext4 20% 100%

    Warning: The resulting partition is not properly aligned for best performance. 
    Ignore/Cancel?  Ignore                    
    Information: You may need to update /etc/fstab.

[vagrant@otuslinux ~]$ for i in $(seq 1 2); do sudo mkfs.ext4 /dev/md0p$i; done
[vagrant@otuslinux ~]$ sudo mkdir -p /raid/part{1,2}
[vagrant@otuslinux ~]$ for i in $(seq 1 2); do sudo mount /dev/md0p$i /raid/part$i; done

__Вопрос__: как побороть старт-суперблок `is not properly aligned`.